Test başarıyla tamamlandı.